---
source: snapshot/src/lib.rs
description: "Staying Ahead of the Game: JavaScript Security"
info:
  model_dir: "../shared/data/model"
  search_kind: video_only
---
- distance: 0.5125648775463548
  rounded_distance: 0.51
  rank_in_search: 15
  event_id: 1665
  event_title: Making Ansible playbooks to configure Single Sign On for popular open source applications
- distance: 0.5157724871363739
  rounded_distance: 0.52
  rank_in_search: 19
  event_id: 1822
  event_title: "The MDN Curriculum: Better web developers for a better web"
- distance: 0.49843087074363773
  rounded_distance: 0.5
  rank_in_search: 6
  event_id: 1983
  event_title: Remediating thousands of untracked security vulnerabilities in nixpkgs
- distance: 0.5136916307644763
  rounded_distance: 0.51
  rank_in_search: 17
  event_id: 2182
  event_title: "Besides Web: a Worker story."
- distance: 0.5120312226281162
  rounded_distance: 0.51
  rank_in_search: 14
  event_id: 2288
  event_title: "Cryptography against AI: Deepfake resistant WebRTC videocalls"
- distance: 0.5133482207952511
  rounded_distance: 0.51
  rank_in_search: 16
  event_id: 2310
  event_title: Meritocracy or Do-ocracy - why diversity is still hard and what can we do
- distance: 0.46833321910682674
  rounded_distance: 0.47
  rank_in_search: 0
  event_id: 2311
  event_title: Making Python safer than ever
- distance: 0.5091213316562794
  rounded_distance: 0.51
  rank_in_search: 13
  event_id: 2326
  event_title: A slow migration from Django templates to Vue+GraphQL
- distance: 0.5057943515029535
  rounded_distance: 0.51
  rank_in_search: 9
  event_id: 2352
  event_title: "Stopping all the attacks before they start: Building a security-first API"
- distance: 0.48056914629326536
  rounded_distance: 0.48
  rank_in_search: 2
  event_id: 2395
  event_title: The CPAN Security Working Group
- distance: 0.49413828607951776
  rounded_distance: 0.49
  rank_in_search: 4
  event_id: 2405
  event_title: Best practices for research in open source ecosystems
- distance: 0.5031044368315055
  rounded_distance: 0.5
  rank_in_search: 8
  event_id: 2443
  event_title: How can we trust 3rd party code? Using Python to understand the trust relationships within the python ecosystem
- distance: 0.5017128710128324
  rounded_distance: 0.5
  rank_in_search: 7
  event_id: 2638
  event_title: "Breaking Barriers: Content Management Systems and Accessibility"
- distance: 0.5073923194263688
  rounded_distance: 0.51
  rank_in_search: 12
  event_id: 2781
  event_title: "How to get rid of Confluence: Comparing Open Source Knowledgemanagent Systems"
- distance: 0.5060531745085842
  rounded_distance: 0.51
  rank_in_search: 10
  event_id: 2832
  event_title: "MessageFormat: The future of i18n on the web"
- distance: 0.506852020556955
  rounded_distance: 0.51
  rank_in_search: 11
  event_id: 2876
  event_title: "MatrixRTC: The Future of Matrix Calls"
- distance: 0.47854712490953155
  rounded_distance: 0.48
  rank_in_search: 1
  event_id: 2920
  event_title: "Know Your Ingredients: Security Starts With the SBOM"
- distance: 0.4966125062509742
  rounded_distance: 0.5
  rank_in_search: 5
  event_id: 3370
  event_title: "An engineer's guide to Linux Kernel upgrades"
- distance: 0.5139345809349409
  rounded_distance: 0.51
  rank_in_search: 18
  event_id: 3622
  event_title: "Panel discussion: Software Naming"
- distance: 0.4928314458625478
  rounded_distance: 0.49
  rank_in_search: 3
  event_id: 3723
  event_title: FOSDEM 2024 Highlights
